Traceback (most recent call last):
  File "/home/jmb/.local/share/pipx/venvs/jupyter-book/lib/python3.12/site-packages/jupyter_cache/executors/utils.py", line 58, in single_nb_execution
    executenb(
  File "/home/jmb/.local/share/pipx/venvs/jupyter-book/lib/python3.12/site-packages/nbclient/client.py", line 1319, in execute
    return NotebookClient(nb=nb, resources=resources, km=km, **kwargs).execute()
           ^^^^^^^^^^^^^^^^^^^^^^^^^^^^^^^^^^^^^^^^^^^^^^^^^^^^^^^^^^^^^^^^^^^^^
  File "/home/jmb/.local/share/pipx/venvs/jupyter-book/lib/python3.12/site-packages/jupyter_core/utils/__init__.py", line 165, in wrapped
    return loop.run_until_complete(inner)
           ^^^^^^^^^^^^^^^^^^^^^^^^^^^^^^
  File "/usr/lib/python3.12/asyncio/base_events.py", line 687, in run_until_complete
    return future.result()
           ^^^^^^^^^^^^^^^
  File "/home/jmb/.local/share/pipx/venvs/jupyter-book/lib/python3.12/site-packages/nbclient/client.py", line 709, in async_execute
    await self.async_execute_cell(
  File "/home/jmb/.local/share/pipx/venvs/jupyter-book/lib/python3.12/site-packages/nbclient/client.py", line 1062, in async_execute_cell
    await self._check_raise_for_error(cell, cell_index, exec_reply)
  File "/home/jmb/.local/share/pipx/venvs/jupyter-book/lib/python3.12/site-packages/nbclient/client.py", line 918, in _check_raise_for_error
    raise CellExecutionError.from_cell_and_msg(cell, exec_reply_content)
nbclient.exceptions.CellExecutionError: An error occurred while executing the following cell:
------------------
import pandas as pd

df_xy = pd.read_csv('test.txt', delim_whitespace = True, skiprows=1) # reads data into Pandas dataframe.
print(df_xy)          # prints content of dataframe
print(df_xy.columns)  # shows column labels
print(df_xy.dtypes)   # prints data type for each column

plt.plot(df_xy['x'], df_xy['y'],'r-') # plot data
plt.plot(df_xy.x, df_xy.y,'b--')      # if labels do not contain spaces or special signs like '\', '|', '/', '#', ..., you can access columns with '.<column label>.
plt.show()
plt.close()
------------------


[31m---------------------------------------------------------------------------[39m
[31mModuleNotFoundError[39m                       Traceback (most recent call last)
[36mCell[39m[36m [39m[32mIn[1][39m[32m, line 1[39m
[32m----> [39m[32m1[39m [38;5;28;01mimport[39;00m[38;5;250m [39m[34;01mpandas[39;00m[38;5;250m [39m[38;5;28;01mas[39;00m[38;5;250m [39m[34;01mpd[39;00m
[32m      3[39m df_xy = pd.read_csv([33m'[39m[33mtest.txt[39m[33m'[39m, delim_whitespace = [38;5;28;01mTrue[39;00m, skiprows=[32m1[39m) [38;5;66;03m# reads data into Pandas dataframe.[39;00m
[32m      4[39m [38;5;28mprint[39m(df_xy)          [38;5;66;03m# prints content of dataframe[39;00m

[31mModuleNotFoundError[39m: No module named 'pandas'

