Traceback (most recent call last):
  File "/home/jmb/.local/share/pipx/venvs/jupyter-book/lib/python3.12/site-packages/jupyter_cache/executors/utils.py", line 58, in single_nb_execution
    executenb(
  File "/home/jmb/.local/share/pipx/venvs/jupyter-book/lib/python3.12/site-packages/nbclient/client.py", line 1319, in execute
    return NotebookClient(nb=nb, resources=resources, km=km, **kwargs).execute()
           ^^^^^^^^^^^^^^^^^^^^^^^^^^^^^^^^^^^^^^^^^^^^^^^^^^^^^^^^^^^^^^^^^^^^^
  File "/home/jmb/.local/share/pipx/venvs/jupyter-book/lib/python3.12/site-packages/jupyter_core/utils/__init__.py", line 165, in wrapped
    return loop.run_until_complete(inner)
           ^^^^^^^^^^^^^^^^^^^^^^^^^^^^^^
  File "/usr/lib/python3.12/asyncio/base_events.py", line 687, in run_until_complete
    return future.result()
           ^^^^^^^^^^^^^^^
  File "/home/jmb/.local/share/pipx/venvs/jupyter-book/lib/python3.12/site-packages/nbclient/client.py", line 709, in async_execute
    await self.async_execute_cell(
  File "/home/jmb/.local/share/pipx/venvs/jupyter-book/lib/python3.12/site-packages/nbclient/client.py", line 1062, in async_execute_cell
    await self._check_raise_for_error(cell, cell_index, exec_reply)
  File "/home/jmb/.local/share/pipx/venvs/jupyter-book/lib/python3.12/site-packages/nbclient/client.py", line 918, in _check_raise_for_error
    raise CellExecutionError.from_cell_and_msg(cell, exec_reply_content)
nbclient.exceptions.CellExecutionError: An error occurred while executing the following cell:
------------------
import numpy as np

array_1D = np.array([1, 2, 3, 4, 5])          # generates an 1D array
print(array_1D)
array_2D = np.array([[1, 2, 3], [4, 5, 6]])   # generates a 2x3 2D array
print(array_2D)
array_2D_transpose = array_2D.T               # note ".T" for transpose
print(array_2D_transpose)
array_1D_zero = np.zeros(5)                   # generates an 1D array filled with zeros
print(array_1D_zero)
array_2D_one  = np.ones((3,2))                # generates 3x2 2D array filled with ones, note the "(...)", which is the shape of the array.
print(array_2D_one)
array_1D_random = np.random.rand(3)           # generates 3 random numbers in a 1D array
print(array_1D_random)
array_3D_random = np.random.rand(3,3,3)       # generates 27 random numbers in a 3D array
print(array_3D_random)
------------------


[31m---------------------------------------------------------------------------[39m
[31mModuleNotFoundError[39m                       Traceback (most recent call last)
[36mCell[39m[36m [39m[32mIn[1][39m[32m, line 1[39m
[32m----> [39m[32m1[39m [38;5;28;01mimport[39;00m[38;5;250m [39m[34;01mnumpy[39;00m[38;5;250m [39m[38;5;28;01mas[39;00m[38;5;250m [39m[34;01mnp[39;00m
[32m      3[39m array_1D = np.array([[32m1[39m, [32m2[39m, [32m3[39m, [32m4[39m, [32m5[39m])          [38;5;66;03m# generates an 1D array[39;00m
[32m      4[39m [38;5;28mprint[39m(array_1D)

[31mModuleNotFoundError[39m: No module named 'numpy'

